// Jest Snapshot v1, https://goo.gl/fbAQLP

exports[`renders a snapshot 1`] = `
<Fragment>
  <PageHeader
    subtitle="3 Entries"
    title="Timesheets"
  />
  <Container>
    <Connect(NewTimeEntryContainer) />
    <div
      className="time-entries"
    >
      <h2
        className="time-entries__title"
      >
        Time Entries
      </h2>
      <Select
        className="select-element__filter"
        defaultValue={
          Object {
            "label": "All clients",
            "value": "",
          }
        }
        id=""
        isInvalid={false}
        name=""
        onBlur={[Function]}
        onChange={[Function]}
        options={
          Array [
            Object {
              "label": "Port of Rotterdam",
              "value": "1",
            },
            Object {
              "label": "Port of Rotterdam",
              "value": "2",
            },
            Object {
              "label": "Humanoids",
              "value": "3",
            },
          ]
        }
        required={false}
      />
    </div>
    <h2
      className="entry-date"
    >
      20-03-2019
    </h2>
    <TimeEntry
      client="Humanoids"
      endTime="17:00"
      id="123"
      onDelete={[Function]}
      startTime="09:00"
    />
    <TimeEntry
      client="Port of Rotterdam"
      endTime="17:00"
      id="124"
      onDelete={[Function]}
      startTime="09:00"
    />
    <TimeEntry
      client="Bank of Amsterdam"
      endTime="17:00"
      id="125"
      onDelete={[Function]}
      startTime="09:00"
    />
  </Container>
</Fragment>
`;
